Error: command not found!
The most recent exit code is: 127
The most recent exit code is: 0
